// Jest Snapshot v1, https://goo.gl/fbAQLP

exports[`App should render correctly 1`] = `
 <div className={getClassName('App')}>
    <Header />
    <main className={getClassName('App__main')}>
      <FlightsResult />
      {/* TODO: Add a component to display results here */}
    </main>
  </div>
`;
